Set paper size 	297.6377985	419.5275636
Begin page
Mx 	34.8819
My 	28.7889
Set font 	Gentium Plus;10;400;;normal;;LTR
T	44 79	(Il)
Mx 	43.2883
T	112 87 68 76 87	(était)
Mx 	64.8099
T	88 81 72	(une)
Mx 	82.9625
T	73 82 76 86	(fois)
Mx 	97.6744
T	15	(,)
Mx 	102.6823
T	71 68 81 86	(dans)
Mx 	124.5702
T	88 81	(un)
Mx 	138.1036
T	83 68 92 86	(pays)
Mx 	159.5031
T	87 85 113 86	(très)
Mx 	178.1049
T	79 82 76 81 87 68 76 81	(lointain)
Mx 	213.0494
T	11	(()
Mx 	216.2183
T	71 82 81 87	(dont)
Mx 	238.1257
T	79 72	(le)
Mx 	248.1727
T	81 82 80	(nom)
Mx 	269.4698
T	83 112	(pé)
Mx 	279.3868
T	16	(-)
Mx 	14.8819
My 	40.7889
T	85 76 79 79 72 88 91	(rilleux)
Mx 	44.4591
T	81 72	(ne)
Mx 	57.1370
T	71 82 76 87	(doit)
Mx 	76.0599
T	83 68 86	(pas)
Mx 	90.8099
T	72 2195 87 85 72	(être)
Mx 	109.9917
T	83 85 82 81 82 81 70 112	(prononcé)
Mx 	149.3325
T	12	())
Mx 	152.5015
T	15	(,)
Mx 	157.3326
T	89 76 89 68 76 87	(vivait)
Mx 	183.1892
T	37 72 85 81 68 71 72 87 87 72	(Bernadette)
Mx 	228.6970
T	15	(,)
Mx 	233.5282
T	84 88 76	(qui)
Mx 	249.2285
T	81 82 88 86	(nous)
Mx 	271.4766
T	71 76	(di)
Mx 	279.3868
T	16	(-)
Mx 	14.8819
My 	52.7889
T	86 68 76 87	(sait)
Mx 	32.1394
T	169	(«)
Mx 	39.6459
T	53 76 72 81	(Rien)
Mx 	60.7559
T	71 183 76 80 83 82 85 87 68 81 87	(d’important)
Mx 	111.2676
T	4	(!)
Mx 	116.6403
T	170	(»)
Mx 	124.1468
T	36 86	(As)
Mx 	133.9613
T	16	(-)
Mx 	137.3304
T	87 88	(tu)
Mx 	148.7236
T	72 81 87 72 81 71 88	(entendu)
Mx 	183.9375
T	34	(?)
Mx 	146.4727
My 	392.0445
T	20	(1)
End page
Finish
