Set paper size 	595.275597	841.8897729
Begin page
Mx 	49.7638
My 	53.4470
Set font 	Gentium Plus;15;400;;normal;;LTR
T	47 68	(La)
Mx 	67.2704
T	83 72 76 81 72	(peine)
Mx 	104.8966
T	71 72	(de)
Mx 	123.1063
T	80 82 85 87	(mort)
Mx 	157.2827
T	72 86 87	(est)
Mx 	178.6492
T	81 112 70 72 86 86 68 76 85 72	(nécessaire)
Mx 	242.7434
T	15	(,)
Mx 	249.6592
T	71 76 86 72 81 87	(disent)
Mx 	291.1672
T	79 72 86	(les)
Mx 	311.4350
T	83 68 85 87 76 86 68 81 86	(partisans)
Mx 	371.6638
T	71 72	(de)
Mx 	389.8734
T	79 183 68 81 87 76 84 88 72	(l’antique)
Mx 	447.8463
T	72 87	(et)
Mx 	463.4193
T	69 68 85 69 68 85 72	(barbare)
Mx 	514.7125
T	85 82 88 87 76 81 72	(routine)
Mx 	562.0768
T	30	(;)
Mx 	29.7638
My 	71.4470
T	86 68 81 86	(sans)
Mx 	61.8199
T	72 79 79 72	(elle)
Mx 	89.1153
T	76 79	(il)
Mx 	102.5532
T	81 183 72 86 87	(n’est)
Mx 	137.4585
T	83 82 76 81 87	(point)
Mx 	175.7622
T	71 72	(de)
Mx 	195.7992
T	73 85 72 76 81	(frein)
Mx 	230.9828
T	68 86 86 72 93	(assez)
Mx 	268.0560
T	83 88 76 86 86 68 81 87	(puissant)
Mx 	325.2342
T	83 82 88 85	(pour)
Mx 	359.9197
T	79 72	(le)
Mx 	376.2214
T	70 85 76 80 72	(crime)
Mx 	411.7586
T	17	(.)
Mx 	420.5017
T	52 88 76	(Qui)
Mx 	446.8229
T	89 82 88 86	(vous)
Mx 	480.8127
T	79 183 68	(l’a)
Mx 	500.5055
T	71 76 87	(dit)
Mx 	519.0343
T	34	(?)
Mx 	530.8390
T	36 89 72 93	(Avez)
Mx 	560.4581
T	16	(-)
Mx 	29.7638
My 	89.4470
T	89 82 88 86	(vous)
Mx 	61.9205
T	70 68 79 70 88 79 112	(calculé)
Mx 	108.3960
T	87 82 88 86	(tous)
Mx 	138.3188
T	79 72 86	(les)
Mx 	158.5810
T	85 72 86 86 82 85 87 86	(ressorts)
Mx 	210.9526
T	83 68 85	(par)
Mx 	235.1991
T	79 72 86 84 88 72 79 86	(lesquels)
Mx 	287.9222
T	79 72 86	(les)
Mx 	308.1844
T	79 82 76 86	(lois)
Mx 	333.1267
T	83 112 81 68 79 72 86	(pénales)
Mx 	383.4255
T	83 72 88 89 72 81 87	(peuvent)
Mx 	437.4890
T	68 74 76 85	(agir)
Mx 	465.1706
T	86 88 85	(sur)
Mx 	488.3258
T	79 68	(la)
Mx 	502.7506
T	86 72 81 86 76 69 76 79 76 87 112	(sensibilité)
Mx 	29.7638
My 	107.4470
T	75 88 80 68 76 81 72	(humaine)
Mx 	85.6900
T	34	(?)
Mx 	95.5307
T	43 112 79 68 86	(Hélas)
Mx 	130.5097
T	4	(!)
Mx 	137.9333
T	68 89 68 81 87	(avant)
Mx 	175.8843
T	79 68	(la)
Mx 	190.1780
T	80 82 85 87	(mort)
Mx 	220.8738
T	15	(,)
Mx 	227.6529
T	70 82 80 69 76 72 81	(combien)
Mx 	284.0316
T	71 72	(de)
Mx 	302.1046
T	71 82 88 79 72 88 85 86	(douleurs)
Mx 	359.4135
T	83 75 92 86 76 84 88 72 86	(physiques)
Mx 	424.6325
T	72 87	(et)
Mx 	440.0689
T	80 82 85 68 79 72 86	(morales)
Mx 	492.6170
T	79 183 75 82 80 80 72	(l’homme)
Mx 	550.3067
T	81 72	(ne)
Mx 	29.7638
My 	125.4470
T	83 72 88 87	(peut)
Mx 	57.7496
T	16	(-)
Mx 	62.8033
T	76 79	(il)
Mx 	74.9649
T	83 68 86	(pas)
Mx 	99.6216
T	72 81 71 88 85 72 85	(endurer)
Mx 	150.8823
T	4	(!)
Mx 	49.7638
My 	143.4470
T	57 82 76 70 76	(Voici)
Mx 	85.7503
T	88 81 72	(une)
Mx 	112.9112
T	169	(«)
Mx 	124.2005
T	70 76 87 68 87 76 82 81	(citation)
Mx 	175.9268
T	170	(»)
Mx 	187.2160
T	72 81 87 85 72	(entre)
Mx 	224.4623
T	74 88 76 79 79 72 80 72 87 86	(guillemets)
Mx 	288.7836
T	17	(.)
Mx 	49.7638
My 	161.4470
T	47 68	(La)
Mx 	67.2704
T	83 72 76 81 72	(peine)
Mx 	104.8966
T	71 72	(de)
Mx 	123.1063
T	80 82 85 87	(mort)
Mx 	157.2827
T	72 86 87	(est)
Mx 	178.6492
T	81 112 70 72 86 86 68 76 85 72	(nécessaire)
Mx 	242.7434
T	15	(,)
Mx 	249.6592
T	71 76 86 72 81 87	(disent)
Mx 	291.1672
T	79 72 86	(les)
Mx 	311.4350
T	83 68 85 87 76 86 68 81 86	(partisans)
Mx 	371.6638
T	71 72	(de)
Mx 	389.8734
T	79 183 68 81 87 76 84 88 72	(l’antique)
Mx 	447.8463
T	72 87	(et)
Mx 	463.4193
T	69 68 85 69 68 85 72	(barbare)
Mx 	514.7125
T	85 82 88 87 76 81 72	(routine)
Mx 	562.0768
T	30	(;)
Mx 	29.7638
My 	179.4470
T	86 68 81 86	(sans)
Mx 	61.8199
T	72 79 79 72	(elle)
Mx 	89.1153
T	76 79	(il)
Mx 	102.5532
T	81 183 72 86 87	(n’est)
Mx 	137.4585
T	83 82 76 81 87	(point)
Mx 	175.7622
T	71 72	(de)
Mx 	195.7992
T	73 85 72 76 81	(frein)
Mx 	230.9828
T	68 86 86 72 93	(assez)
Mx 	268.0560
T	83 88 76 86 86 68 81 87	(puissant)
Mx 	325.2342
T	83 82 88 85	(pour)
Mx 	359.9197
T	79 72	(le)
Mx 	376.2214
T	70 85 76 80 72	(crime)
Mx 	411.7586
T	17	(.)
Mx 	420.5017
T	52 88 76	(Qui)
Mx 	446.8229
T	89 82 88 86	(vous)
Mx 	480.8127
T	79 183 68	(l’a)
Mx 	500.5055
T	71 76 87	(dit)
Mx 	519.0343
T	34	(?)
Mx 	530.8390
T	36 89 72 93	(Avez)
Mx 	560.4581
T	16	(-)
Mx 	29.7638
My 	197.4470
T	89 82 88 86	(vous)
Mx 	61.9205
T	70 68 79 70 88 79 112	(calculé)
Mx 	108.3960
T	87 82 88 86	(tous)
Mx 	138.3188
T	79 72 86	(les)
Mx 	158.5810
T	85 72 86 86 82 85 87 86	(ressorts)
Mx 	210.9526
T	83 68 85	(par)
Mx 	235.1991
T	79 72 86 84 88 72 79 86	(lesquels)
Mx 	287.9222
T	79 72 86	(les)
Mx 	308.1844
T	79 82 76 86	(lois)
Mx 	333.1267
T	83 112 81 68 79 72 86	(pénales)
Mx 	383.4255
T	83 72 88 89 72 81 87	(peuvent)
Mx 	437.4890
T	68 74 76 85	(agir)
Mx 	465.1706
T	86 88 85	(sur)
Mx 	488.3258
T	79 68	(la)
Mx 	502.7506
T	86 72 81 86 76 69 76 79 76 87 112	(sensibilité)
Mx 	29.7638
My 	215.4470
T	75 88 80 68 76 81 72	(humaine)
Mx 	85.6900
T	34	(?)
Mx 	95.5307
T	43 112 79 68 86	(Hélas)
Mx 	130.5097
T	4	(!)
Mx 	137.9333
T	68 89 68 81 87	(avant)
Mx 	175.8843
T	79 68	(la)
Mx 	190.1780
T	80 82 85 87	(mort)
Mx 	220.8738
T	15	(,)
Mx 	227.6529
T	70 82 80 69 76 72 81	(combien)
Mx 	284.0316
T	71 72	(de)
Mx 	302.1046
T	71 82 88 79 72 88 85 86	(douleurs)
Mx 	359.4135
T	83 75 92 86 76 84 88 72 86	(physiques)
Mx 	424.6325
T	72 87	(et)
Mx 	440.0689
T	80 82 85 68 79 72 86	(morales)
Mx 	492.6170
T	79 183 75 82 80 80 72	(l’homme)
Mx 	550.3067
T	81 72	(ne)
Mx 	29.7638
My 	233.4470
T	83 72 88 87	(peut)
Mx 	57.7496
T	16	(-)
Mx 	62.8033
T	76 79	(il)
Mx 	74.9649
T	83 68 86	(pas)
Mx 	99.6216
T	72 81 71 88 85 72 85	(endurer)
Mx 	150.8823
T	4	(!)
Mx 	49.7638
My 	251.4470
T	57 82 76 70 76	(Voici)
Mx 	85.7516
T	88 81 72	(une)
Mx 	112.9138
T	169	(«)
Mx 	120.1941
T	70 76 87 68 87 76 82 81	(citation)
Mx 	167.9114
T	170	(»)
Mx 	179.2020
T	72 81 87 85 72	(entre)
Mx 	216.4496
T	74 88 76 79 79 72 80 72 87 86	(guillemets)
Mx 	280.7709
T	17	(.)
Mx 	49.7638
My 	269.4470
T	43 112 79 68 86	(Hélas)
Mx 	84.7428
T	4	(!)
Mx 	88.8224
T	4	(!)
Mx 	92.9020
T	4	(!)
Mx 	295.2916
My 	780.6177
Set font 	Gentium Plus;10;400;;normal;;LTR
T	20	(1)
End page
Finish
