Set paper size 	595.275597	841.8897729
Begin page
Mx 	295.2916
My 	780.6177
Set font 	Gentium Plus;10;400;;normal;;LTR
T	20	(1)
End page
Finish
